mode: set
/mnt/46DC3FF0DC3FD8BF/lugan/Documents/Arquivos/Projects/Go/curso-go/Tests/math/math.go:9.40,12.30 2 1
/mnt/46DC3FF0DC3FD8BF/lugan/Documents/Arquivos/Projects/Go/curso-go/Tests/math/math.go:16.2,19.21 3 1
/mnt/46DC3FF0DC3FD8BF/lugan/Documents/Arquivos/Projects/Go/curso-go/Tests/math/math.go:12.30,14.3 1 1
